RUN inspect
[{"version":"PostgreSQL 18.3 (PGlite 0.5.8) on wasm32-unknown-emscripten, compiled by emcc (Emscripten gcc/clang-like replacement + linker emulating GNU ld) 3.1.74 (1092ec30a3fb1d46b1782ff1b4db5094d3d06ae5), 32-bit"}]
{
  "parser_version": "headings-v1",
  "corpus_sha256": "748a192d4ede2e353fa36b4d9c462a035399692dad324279162c775600a2cf4a",
  "files": {
    "01_refund_policy_current.md": "54faa299cd208ec11647c94833047836d5cc8a3058ef460f448f21bf0ce2a019",
    "02_refund_policy_superseded.md": "fb91c0c261c688b77a02020b9100268f208ba5d50cded688ab94f7d07516c1c3",
    "03_warranty_policy.md": "db59e7f8c12114faefa2f2e2284b9d579e4fd1b154cd7bb9632d1f482bd1cde2",
    "04_premium_customer_policy.md": "302a4556e941860461f2f5f35179d495d74d3be016f829ced32dc926e648272d",
    "05_approval_and_execution_policy.md": "ce52882da4d6631955117204f1db72c26b09019ea8f60db6bb44a8da398b56c8",
    "06_ai_safety_policy.md": "8db66c9120ff6939a3a370839e154e3c48d8bf90af8a314981f0cc73f3d4863f",
    "07_shipping_policy.md": "5ca124cec0f3fe445bdd90bb84e8980b0e26750208d0004198ca54c6aa533613"
  },
  "documents": 7,
  "chunks": 36,
  "chunk_ids_sha256": "9d2886abed9c3dddd592c37ba56f2753e114c284eb9a4bb4787a004552108f65",
  "evaluation_questions": 30,
  "splits": {
    "dev": 20,
    "heldout": 10
  }
}
RUN ingest
[{"version":"PostgreSQL 18.3 (PGlite 0.5.8) on wasm32-unknown-emscripten, compiled by emcc (Emscripten gcc/clang-like replacement + linker emulating GNU ld) 3.1.74 (1092ec30a3fb1d46b1782ff1b4db5094d3d06ae5), 32-bit"}]
{
  "status": "ingested",
  "chunks": 36,
  "collection_id": "ad1f2acb7bc2a94f71677d00bf5e6d193426e5db0072e7a73e29be4a93338e5d",
  "report": "reports/ingestion.json"
}
RUN evaluate --split dev
[{"version":"PostgreSQL 18.3 (PGlite 0.5.8) on wasm32-unknown-emscripten, compiled by emcc (Emscripten gcc/clang-like replacement + linker emulating GNU ld) 3.1.74 (1092ec30a3fb1d46b1782ff1b4db5094d3d06ae5), 32-bit"}]
{
  "status": "measured",
  "split": "dev",
  "metrics": {
    "answerable": {
      "count": 16,
      "recall_at_k": {
        "1": 0.53125,
        "3": 0.75,
        "5": 0.8125
      },
      "mrr_at_k": {
        "1": 0.5625,
        "3": 0.6770833333333334,
        "5": 0.6770833333333334
      }
    },
    "unanswerable_evidence_only": {
      "count": 4,
      "recall_at_k": {
        "1": 0.0,
        "3": 0.0,
        "5": 0.0
      },
      "mrr_at_k": {
        "1": 0.0,
        "3": 0.0,
        "5": 0.0
      }
    },
    "all_labeled_diagnostic": {
      "count": 20,
      "recall_at_k": {
        "1": 0.425,
        "3": 0.6,
        "5": 0.65
      },
      "mrr_at_k": {
        "1": 0.45,
        "3": 0.5416666666666667,
        "5": 0.5416666666666667
      }
    },
    "by_category": {
      "exact_clause": {
        "count": 5,
        "recall_at_k": {
          "1": 0.6,
          "3": 0.6,
          "5": 0.6
        },
        "mrr_at_k": {
          "1": 0.6,
          "3": 0.6,
          "5": 0.6
        }
      },
      "security": {
        "count": 3,
        "recall_at_k": {
          "1": 0.3333333333333333,
          "3": 0.6666666666666666,
          "5": 0.6666666666666666
        },
        "mrr_at_k": {
          "1": 0.3333333333333333,
          "3": 0.4444444444444444,
          "5": 0.4444444444444444
        }
      },
      "standard": {
        "count": 7,
        "recall_at_k": {
          "1": 0.6428571428571429,
          "3": 0.9285714285714286,
          "5": 1.0
        },
        "mrr_at_k": {
          "1": 0.7142857142857143,
          "3": 0.8571428571428571,
          "5": 0.8571428571428571
        }
      },
      "superseded": {
        "count": 1,
        "recall_at_k": {
          "1": 0.0,
          "3": 0.5,
          "5": 1.0
        },
        "mrr_at_k": {
          "1": 0.0,
          "3": 0.5,
          "5": 0.5
        }
      },
      "unanswerable": {
        "count": 4,
        "recall_at_k": {
          "1": 0.0,
          "3": 0.0,
          "5": 0.0
        },
        "mrr_at_k": {
          "1": 0.0,
          "3": 0.0,
          "5": 0.0
        }
      }
    },
    "citation_correctness": {
      "value": null,
      "status": "not_measured",
      "reason": "No answer generator exists in this baseline."
    },
    "abstention_accuracy": {
      "value": null,
      "status": "not_measured",
      "reason": "No answerability classifier or calibrated threshold exists."
    },
    "rules_engine_accuracy": {
      "value": null,
      "status": "not_measured",
      "reason": "Refund rules engine is a later milestone."
    }
  },
  "report": "reports/dev.json"
}
RUN evaluate --split heldout
[{"version":"PostgreSQL 18.3 (PGlite 0.5.8) on wasm32-unknown-emscripten, compiled by emcc (Emscripten gcc/clang-like replacement + linker emulating GNU ld) 3.1.74 (1092ec30a3fb1d46b1782ff1b4db5094d3d06ae5), 32-bit"}]
{
  "status": "measured",
  "split": "heldout",
  "metrics": {
    "answerable": {
      "count": 8,
      "recall_at_k": {
        "1": 0.375,
        "3": 0.6875,
        "5": 0.75
      },
      "mrr_at_k": {
        "1": 0.375,
        "3": 0.5416666666666666,
        "5": 0.5729166666666666
      }
    },
    "unanswerable_evidence_only": {
      "count": 2,
      "recall_at_k": {
        "1": 0.25,
        "3": 0.25,
        "5": 0.25
      },
      "mrr_at_k": {
        "1": 0.5,
        "3": 0.5,
        "5": 0.5
      }
    },
    "all_labeled_diagnostic": {
      "count": 10,
      "recall_at_k": {
        "1": 0.35,
        "3": 0.6,
        "5": 0.65
      },
      "mrr_at_k": {
        "1": 0.4,
        "3": 0.5333333333333333,
        "5": 0.5583333333333333
      }
    },
    "by_category": {
      "exact_clause": {
        "count": 3,
        "recall_at_k": {
          "1": 0.3333333333333333,
          "3": 0.6666666666666666,
          "5": 0.6666666666666666
        },
        "mrr_at_k": {
          "1": 0.3333333333333333,
          "3": 0.5,
          "5": 0.5
        }
      },
      "security": {
        "count": 1,
        "recall_at_k": {
          "1": 0.0,
          "3": 0.0,
          "5": 0.5
        },
        "mrr_at_k": {
          "1": 0.0,
          "3": 0.0,
          "5": 0.25
        }
      },
      "standard": {
        "count": 3,
        "recall_at_k": {
          "1": 0.3333333333333333,
          "3": 0.8333333333333334,
          "5": 0.8333333333333334
        },
        "mrr_at_k": {
          "1": 0.3333333333333333,
          "3": 0.611111111111111,
          "5": 0.611111111111111
        }
      },
      "superseded": {
        "count": 1,
        "recall_at_k": {
          "1": 1.0,
          "3": 1.0,
          "5": 1.0
        },
        "mrr_at_k": {
          "1": 1.0,
          "3": 1.0,
          "5": 1.0
        }
      },
      "unanswerable": {
        "count": 2,
        "recall_at_k": {
          "1": 0.25,
          "3": 0.25,
          "5": 0.25
        },
        "mrr_at_k": {
          "1": 0.5,
          "3": 0.5,
          "5": 0.5
        }
      }
    },
    "citation_correctness": {
      "value": null,
      "status": "not_measured",
      "reason": "No answer generator exists in this baseline."
    },
    "abstention_accuracy": {
      "value": null,
      "status": "not_measured",
      "reason": "No answerability classifier or calibrated threshold exists."
    },
    "rules_engine_accuracy": {
      "value": null,
      "status": "not_measured",
      "reason": "Refund rules engine is a later milestone."
    }
  },
  "report": "reports/heldout.json"
}
RUN evaluate --split all
[{"version":"PostgreSQL 18.3 (PGlite 0.5.8) on wasm32-unknown-emscripten, compiled by emcc (Emscripten gcc/clang-like replacement + linker emulating GNU ld) 3.1.74 (1092ec30a3fb1d46b1782ff1b4db5094d3d06ae5), 32-bit"}]
{
  "status": "measured",
  "split": "all",
  "metrics": {
    "answerable": {
      "count": 24,
      "recall_at_k": {
        "1": 0.4791666666666667,
        "3": 0.7291666666666666,
        "5": 0.7916666666666666
      },
      "mrr_at_k": {
        "1": 0.5,
        "3": 0.6319444444444444,
        "5": 0.642361111111111
      }
    },
    "unanswerable_evidence_only": {
      "count": 6,
      "recall_at_k": {
        "1": 0.08333333333333333,
        "3": 0.08333333333333333,
        "5": 0.08333333333333333
      },
      "mrr_at_k": {
        "1": 0.16666666666666666,
        "3": 0.16666666666666666,
        "5": 0.16666666666666666
      }
    },
    "all_labeled_diagnostic": {
      "count": 30,
      "recall_at_k": {
        "1": 0.4,
        "3": 0.6,
        "5": 0.65
      },
      "mrr_at_k": {
        "1": 0.43333333333333335,
        "3": 0.538888888888889,
        "5": 0.5472222222222223
      }
    },
    "by_category": {
      "exact_clause": {
        "count": 8,
        "recall_at_k": {
          "1": 0.5,
          "3": 0.625,
          "5": 0.625
        },
        "mrr_at_k": {
          "1": 0.5,
          "3": 0.5625,
          "5": 0.5625
        }
      },
      "security": {
        "count": 4,
        "recall_at_k": {
          "1": 0.25,
          "3": 0.5,
          "5": 0.625
        },
        "mrr_at_k": {
          "1": 0.25,
          "3": 0.3333333333333333,
          "5": 0.3958333333333333
        }
      },
      "standard": {
        "count": 10,
        "recall_at_k": {
          "1": 0.55,
          "3": 0.9,
          "5": 0.95
        },
        "mrr_at_k": {
          "1": 0.6,
          "3": 0.7833333333333333,
          "5": 0.7833333333333333
        }
      },
      "superseded": {
        "count": 2,
        "recall_at_k": {
          "1": 0.5,
          "3": 0.75,
          "5": 1.0
        },
        "mrr_at_k": {
          "1": 0.5,
          "3": 0.75,
          "5": 0.75
        }
      },
      "unanswerable": {
        "count": 6,
        "recall_at_k": {
          "1": 0.08333333333333333,
          "3": 0.08333333333333333,
          "5": 0.08333333333333333
        },
        "mrr_at_k": {
          "1": 0.16666666666666666,
          "3": 0.16666666666666666,
          "5": 0.16666666666666666
        }
      }
    },
    "citation_correctness": {
      "value": null,
      "status": "not_measured",
      "reason": "No answer generator exists in this baseline."
    },
    "abstention_accuracy": {
      "value": null,
      "status": "not_measured",
      "reason": "No answerability classifier or calibrated threshold exists."
    },
    "rules_engine_accuracy": {
      "value": null,
      "status": "not_measured",
      "reason": "Refund rules engine is a later milestone."
    }
  },
  "report": "reports/all.json"
}
RUN query What is the current opened-electronics restocking fee? --k
[{"version":"PostgreSQL 18.3 (PGlite 0.5.8) on wasm32-unknown-emscripten, compiled by emcc (Emscripten gcc/clang-like replacement + linker emulating GNU ld) 3.1.74 (1092ec30a3fb1d46b1782ff1b4db5094d3d06ae5), 32-bit"}]
{
  "question": "What is the current opened-electronics restocking fee?",
  "scope": "current",
  "as_of": "2026-10-06",
  "collection_id": "ad1f2acb7bc2a94f71677d00bf5e6d193426e5db0072e7a73e29be4a93338e5d",
  "warning": "Retrieved evidence only. Historical text cannot authorize refunds.",
  "retrieved": [
    {
      "text": "Opened electronics may be returned within 30 calendar days of delivery.\nA 15% restocking fee normally applies.",
      "title": "SampleCo Retail — Refund Policy",
      "source": "01_refund_policy_current.md",
      "status": "CURRENT",
      "heading": "RP-2 Opened Electronics",
      "section": "RP-2",
      "version": "3.0",
      "chunk_id": "8fe4c0f470bc844610003a6e50d3c13effd4f3cd04fdae8c5f7f7cf18848c8f6",
      "line_end": 12,
      "line_start": 9,
      "heading_path": [
        "SampleCo Retail — Refund Policy",
        "RP-2 Opened Electronics"
      ],
      "source_sha256": "54faa299cd208ec11647c94833047836d5cc8a3058ef460f448f21bf0ce2a019",
      "content_sha256": "5bb4667f59b544e3a08714879118e86bbf51cf684a59718b2bb17e10be469a68",
      "effective_date": "2026-09-01",
      "embedding_text": "SampleCo Retail — Refund Policy\nVersion: 3.0\nStatus: CURRENT\nEffective date: 2026-09-01\nRP-2 Opened Electronics\nOpened electronics may be returned within 30 calendar days of delivery.\nA 15% restocking fee normally applies.",
      "superseded_date": null,
      "rank": 1,
      "cosine_distance": 0.19216644880671196,
      "cosine_similarity": 0.807833551193288,
      "untrusted_reference_material": true
    },
    {
      "text": "Premium customers do not pay the 15% restocking fee on opened electronics.",
      "title": "SampleCo Retail — Refund Policy",
      "source": "01_refund_policy_current.md",
      "status": "CURRENT",
      "heading": "RP-3 Premium Customer Exception",
      "section": "RP-3",
      "version": "3.0",
      "chunk_id": "1c3447b21ab44e66e67188d0dd58ecc629fe559ac6a4ccb225f108b25f6df51c",
      "line_end": 15,
      "line_start": 13,
      "heading_path": [
        "SampleCo Retail — Refund Policy",
        "RP-3 Premium Customer Exception"
      ],
      "source_sha256": "54faa299cd208ec11647c94833047836d5cc8a3058ef460f448f21bf0ce2a019",
      "content_sha256": "49d9e7389bfce0040730f311405ec964f65891ef596eb2bd7c86495bc2b0f1d9",
      "effective_date": "2026-09-01",
      "embedding_text": "SampleCo Retail — Refund Policy\nVersion: 3.0\nStatus: CURRENT\nEffective date: 2026-09-01\nRP-3 Premium Customer Exception\nPremium customers do not pay the 15% restocking fee on opened electronics.",
      "superseded_date": null,
      "rank": 2,
      "cosine_distance": 0.2396797848129043,
      "cosine_similarity": 0.7603202151870957,
      "untrusted_reference_material": true
    },
    {
      "text": "Verified Premium customers have the opened-electronics restocking fee waived.",
      "title": "SampleCo Retail — Premium Customer Policy",
      "source": "04_premium_customer_policy.md",
      "status": "CURRENT",
      "heading": "PC-2 Restocking Benefit",
      "section": "PC-2",
      "version": "2.1",
      "chunk_id": "8091d60b69c0d314c80d38ccca52b7cf07bbe595de2594e1ceb1cd3ce59d2b51",
      "line_end": 11,
      "line_start": 9,
      "heading_path": [
        "SampleCo Retail — Premium Customer Policy",
        "PC-2 Restocking Benefit"
      ],
      "source_sha256": "302a4556e941860461f2f5f35179d495d74d3be016f829ced32dc926e648272d",
      "content_sha256": "86215419266c8d63f598194dbbcaa8f09732a66eaf303d3bb704042de7789613",
      "effective_date": "2026-09-01",
      "embedding_text": "SampleCo Retail — Premium Customer Policy\nVersion: 2.1\nStatus: CURRENT\nEffective date: 2026-09-01\nPC-2 Restocking Benefit\nVerified Premium customers have the opened-electronics restocking fee waived.",
      "superseded_date": null,
      "rank": 3,
      "cosine_distance": 0.24068491438479567,
      "cosine_similarity": 0.7593150856152043,
      "untrusted_reference_material": true
    }
  ]
}
