npm warn Unknown env config "http-proxy". This will stop working in the next major version of npm.

> refundguard-review@0.1.0 dev
> next dev --hostname 127.0.0.1 --port 36145

▲ Next.js 16.4.0 (Turbopack)
- Local:         http://127.0.0.1:36145
- Network:       http://127.0.0.1:36145
✓ Ready in 306ms
✓ Running next.config.ts took 25ms

 GET / 200 in 392ms (next.js: 206ms, application-code: 186ms)
 GET / 200 in 27ms (next.js: 1.0ms, application-code: 26ms)
 GET /api/backend/auth/me 401 in 597ms (next.js: 575ms, application-code: 22ms)
 GET /api/backend/auth/me 401 in 536ms (next.js: 514ms, application-code: 21ms)
 POST /api/backend/auth/login 200 in 96ms (next.js: 8ms, application-code: 88ms)
 GET /api/backend/auth/me 200 in 17ms (next.js: 1.7ms, application-code: 15ms)
 POST /api/backend/assessments 200 in 20ms (next.js: 1.0ms, application-code: 19ms)
 POST /api/backend/workflows 200 in 44ms (next.js: 1.3ms, application-code: 43ms)
 GET /api/backend/workflows/1373d159-565b-4939-a2c3-161c8bdb53d3 200 in 16ms (next.js: 1.7ms, application-code: 15ms)
 POST /api/backend/workflows/1373d159-565b-4939-a2c3-161c8bdb53d3/decisions 200 in 51ms (next.js: 9ms, application-code: 42ms)
 POST /api/backend/workflows/1373d159-565b-4939-a2c3-161c8bdb53d3/decisions 200 in 18ms (next.js: 1.5ms, application-code: 17ms)
 GET /api/backend/workflows/1373d159-565b-4939-a2c3-161c8bdb53d3/audit 200 in 23ms (next.js: 1.1ms, application-code: 22ms)
 GET / 200 in 28ms (next.js: 1.1ms, application-code: 26ms)
 GET /api/backend/auth/me 200 in 20ms (next.js: 1.2ms, application-code: 19ms)
 GET /api/backend/auth/me 200 in 18ms (next.js: 0.7ms, application-code: 17ms)
 GET /api/backend/workflows/1373d159-565b-4939-a2c3-161c8bdb53d3 200 in 17ms (next.js: 0.9ms, application-code: 16ms)
 GET / 200 in 24ms (next.js: 0.7ms, application-code: 24ms)
 GET /api/backend/auth/me 401 in 11ms (next.js: 8ms, application-code: 3ms)
 GET /api/backend/auth/me 401 in 4ms (next.js: 0.9ms, application-code: 3ms)
 POST /api/backend/auth/login 200 in 90ms (next.js: 0.9ms, application-code: 90ms)
 GET /api/backend/auth/me 200 in 10ms (next.js: 0.8ms, application-code: 10ms)
 POST /api/backend/assessments 200 in 19ms (next.js: 0.7ms, application-code: 19ms)
 POST /api/backend/workflows 200 in 33ms (next.js: 0.7ms, application-code: 33ms)
 GET /api/backend/workflows/e053e9d8-9781-4fb8-989d-ecf6aec94166 200 in 14ms (next.js: 1.1ms, application-code: 13ms)
 POST /api/backend/workflows/e053e9d8-9781-4fb8-989d-ecf6aec94166/decisions 403 in 12ms (next.js: 0.9ms, application-code: 11ms)
 GET / 200 in 28ms (next.js: 1.1ms, application-code: 27ms)
 GET /api/backend/auth/me 401 in 12ms (next.js: 9ms, application-code: 3ms)
 GET /api/backend/auth/me 401 in 3ms (next.js: 0.8ms, application-code: 3ms)
 POST /api/backend/auth/login 200 in 75ms (next.js: 1.0ms, application-code: 74ms)
 GET /api/backend/auth/me 200 in 10ms (next.js: 0.8ms, application-code: 10ms)
 POST /api/backend/assessments 200 in 18ms (next.js: 1.0ms, application-code: 17ms)
 POST /api/backend/workflows 200 in 33ms (next.js: 0.6ms, application-code: 32ms)
 GET /api/backend/workflows/841aebea-1b92-49f0-ba07-38a052be75c6 200 in 16ms (next.js: 1.0ms, application-code: 15ms)
 POST /api/backend/workflows/841aebea-1b92-49f0-ba07-38a052be75c6/decisions 200 in 46ms (next.js: 8ms, application-code: 39ms)
 GET / 200 in 29ms (next.js: 0.7ms, application-code: 28ms)
 GET /api/backend/auth/me 401 in 5ms (next.js: 1.0ms, application-code: 4ms)
 GET /api/backend/auth/me 401 in 4ms (next.js: 0.8ms, application-code: 3ms)
 POST /api/backend/auth/login 200 in 65ms (next.js: 0.7ms, application-code: 64ms)
 GET /api/backend/auth/me 200 in 20ms (next.js: 9ms, application-code: 12ms)
 POST /api/backend/assessments 200 in 15ms (next.js: 1.1ms, application-code: 14ms)
 POST /api/backend/workflows 200 in 31ms (next.js: 0.8ms, application-code: 30ms)
 GET /api/backend/workflows/63afbaee-6e92-4963-b38a-5cf989d306c4 200 in 15ms (next.js: 0.7ms, application-code: 15ms)
 POST /api/backend/workflows/63afbaee-6e92-4963-b38a-5cf989d306c4/decisions 409 in 12ms (next.js: 0.5ms, application-code: 11ms)
 POST /api/backend/workflows/63afbaee-6e92-4963-b38a-5cf989d306c4/recover 200 in 20ms (next.js: 0.8ms, application-code: 19ms)
 GET / 200 in 28ms (next.js: 0.7ms, application-code: 27ms)
 GET /api/backend/auth/me 401 in 14ms (next.js: 11ms, application-code: 3ms)
 GET /api/backend/auth/me 401 in 3ms (next.js: 0.8ms, application-code: 3ms)
 POST /api/backend/auth/login 200 in 89ms (next.js: 0.6ms, application-code: 88ms)
 GET /api/backend/auth/me 200 in 12ms (next.js: 1.2ms, application-code: 10ms)
 POST /api/backend/policy/search 200 in 536ms (next.js: 0.8ms, application-code: 535ms)
 GET / 200 in 20ms (next.js: 0.7ms, application-code: 19ms)
 GET /api/backend/auth/me 401 in 10ms (next.js: 7ms, application-code: 3ms)
 GET /api/backend/auth/me 401 in 3ms (next.js: 0.7ms, application-code: 2.0ms)
 GET / 200 in 22ms (next.js: 0.9ms, application-code: 21ms)
 GET /api/backend/auth/me 401 in 10ms (next.js: 7ms, application-code: 3ms)
 GET /api/backend/auth/me 401 in 4ms (next.js: 0.9ms, application-code: 3ms)
 POST /api/backend/auth/login 200 in 81ms (next.js: 1.1ms, application-code: 80ms)
 GET /api/backend/auth/me 200 in 14ms (next.js: 1.2ms, application-code: 13ms)
 POST /api/backend/assessments 200 in 23ms (next.js: 8ms, application-code: 15ms)
 POST /api/backend/workflows 200 in 46ms (next.js: 11ms, application-code: 35ms)
 POST /api/backend/policy/search 200 in 66ms (next.js: 11ms, application-code: 56ms)
