[{"version":"PostgreSQL 18.3 (PGlite 0.5.8) on wasm32-unknown-emscripten, compiled by emcc (Emscripten gcc/clang-like replacement + linker emulating GNU ld) 3.1.74 (1092ec30a3fb1d46b1782ff1b4db5094d3d06ae5), 32-bit"}]
{
  "status": "demo_records_seeded",
  "organization_id": "ORG-DEMO",
  "orders": 5,
  "customers": 2,
  "existing_records_overwritten": false
}
[{"version":"PostgreSQL 18.3 (PGlite 0.5.8) on wasm32-unknown-emscripten, compiled by emcc (Emscripten gcc/clang-like replacement + linker emulating GNU ld) 3.1.74 (1092ec30a3fb1d46b1782ff1b4db5094d3d06ae5), 32-bit"}]
{
  "decision": "eligible",
  "reason_code": "standard_return_eligible",
  "refund_amount_minor": 10000,
  "restocking_fee_minor": 0,
  "currency": "USD",
  "candidate_payload": {
    "action": "refund",
    "organization_id": "ORG-DEMO",
    "order_id": "ORD-1001",
    "customer_id": "CUST-1001",
    "refund_amount_minor": 10000,
    "restocking_fee_minor": 0,
    "currency": "USD",
    "payment_method": "card",
    "original_payment_reference": "DEMO-PAYMENT-1001"
  },
  "assessment_only": true,
  "execution_allowed": false,
  "human_approval_required_for_execution": true,
  "rules_version": "demo-assessment-v1",
  "ruleset_fingerprint": "34030776655202d7fc671f0dce8ef3b9574db8920e371d43316bd6bb9ac07dd3",
  "conventions": {
    "status": "synthetic_demo_only",
    "currency": "USD",
    "money_unit": "integer_cents",
    "restocking_base": "item_amount_actually_paid_excluding_shipping_and_tax",
    "restocking_rounding": "half_up_to_one_cent",
    "delivery_day": "day_zero",
    "standard_window_last_day": "delivery_plus_30_calendar_days_inclusive",
    "damage_reporting_last_day": "delivery_plus_7_calendar_days_inclusive",
    "ordinary_refund": "item_amount_paid_minus_applicable_restocking_fee",
    "scope": "one_physical_item_full_return_only"
  },
  "citations": [
    {
      "source": "01_refund_policy_current.md",
      "section": "RP-1",
      "version": "3.0",
      "line_start": 6,
      "line_end": 8,
      "source_sha256": "54faa299cd208ec11647c94833047836d5cc8a3058ef460f448f21bf0ce2a019"
    },
    {
      "source": "01_refund_policy_current.md",
      "section": "RP-5",
      "version": "3.0",
      "line_start": 19,
      "line_end": 21,
      "source_sha256": "54faa299cd208ec11647c94833047836d5cc8a3058ef460f448f21bf0ce2a019"
    }
  ],
  "snapshot": {
    "order_revision": 1,
    "customer_revision": 1,
    "requested_on": "2026-10-06",
    "facts_sha256": "9752d91b018b810a2f82a24865794f8f2192f3375e554bd3eb0b3d09b98a0d28"
  }
}
[{"version":"PostgreSQL 18.3 (PGlite 0.5.8) on wasm32-unknown-emscripten, compiled by emcc (Emscripten gcc/clang-like replacement + linker emulating GNU ld) 3.1.74 (1092ec30a3fb1d46b1782ff1b4db5094d3d06ae5), 32-bit"}]
{
  "decision": "eligible",
  "reason_code": "standard_return_eligible",
  "refund_amount_minor": 8500,
  "restocking_fee_minor": 1500,
  "currency": "USD",
  "candidate_payload": {
    "action": "refund",
    "organization_id": "ORG-DEMO",
    "order_id": "ORD-1002",
    "customer_id": "CUST-1001",
    "refund_amount_minor": 8500,
    "restocking_fee_minor": 1500,
    "currency": "USD",
    "payment_method": "card",
    "original_payment_reference": "DEMO-PAYMENT-1001"
  },
  "assessment_only": true,
  "execution_allowed": false,
  "human_approval_required_for_execution": true,
  "rules_version": "demo-assessment-v1",
  "ruleset_fingerprint": "34030776655202d7fc671f0dce8ef3b9574db8920e371d43316bd6bb9ac07dd3",
  "conventions": {
    "status": "synthetic_demo_only",
    "currency": "USD",
    "money_unit": "integer_cents",
    "restocking_base": "item_amount_actually_paid_excluding_shipping_and_tax",
    "restocking_rounding": "half_up_to_one_cent",
    "delivery_day": "day_zero",
    "standard_window_last_day": "delivery_plus_30_calendar_days_inclusive",
    "damage_reporting_last_day": "delivery_plus_7_calendar_days_inclusive",
    "ordinary_refund": "item_amount_paid_minus_applicable_restocking_fee",
    "scope": "one_physical_item_full_return_only"
  },
  "citations": [
    {
      "source": "01_refund_policy_current.md",
      "section": "RP-1",
      "version": "3.0",
      "line_start": 6,
      "line_end": 8,
      "source_sha256": "54faa299cd208ec11647c94833047836d5cc8a3058ef460f448f21bf0ce2a019"
    },
    {
      "source": "01_refund_policy_current.md",
      "section": "RP-2",
      "version": "3.0",
      "line_start": 9,
      "line_end": 12,
      "source_sha256": "54faa299cd208ec11647c94833047836d5cc8a3058ef460f448f21bf0ce2a019"
    },
    {
      "source": "01_refund_policy_current.md",
      "section": "RP-5",
      "version": "3.0",
      "line_start": 19,
      "line_end": 21,
      "source_sha256": "54faa299cd208ec11647c94833047836d5cc8a3058ef460f448f21bf0ce2a019"
    }
  ],
  "snapshot": {
    "order_revision": 1,
    "customer_revision": 1,
    "requested_on": "2026-10-06",
    "facts_sha256": "b470c57e6a6b26bdbb2e4558dcfe35f01292a4044016e7e7210bab7709289d56"
  }
}
[{"version":"PostgreSQL 18.3 (PGlite 0.5.8) on wasm32-unknown-emscripten, compiled by emcc (Emscripten gcc/clang-like replacement + linker emulating GNU ld) 3.1.74 (1092ec30a3fb1d46b1782ff1b4db5094d3d06ae5), 32-bit"}]
{
  "decision": "eligible",
  "reason_code": "standard_return_eligible",
  "refund_amount_minor": 10000,
  "restocking_fee_minor": 0,
  "currency": "USD",
  "candidate_payload": {
    "action": "refund",
    "organization_id": "ORG-DEMO",
    "order_id": "ORD-1003",
    "customer_id": "CUST-1002",
    "refund_amount_minor": 10000,
    "restocking_fee_minor": 0,
    "currency": "USD",
    "payment_method": "card",
    "original_payment_reference": "DEMO-PAYMENT-1001"
  },
  "assessment_only": true,
  "execution_allowed": false,
  "human_approval_required_for_execution": true,
  "rules_version": "demo-assessment-v1",
  "ruleset_fingerprint": "34030776655202d7fc671f0dce8ef3b9574db8920e371d43316bd6bb9ac07dd3",
  "conventions": {
    "status": "synthetic_demo_only",
    "currency": "USD",
    "money_unit": "integer_cents",
    "restocking_base": "item_amount_actually_paid_excluding_shipping_and_tax",
    "restocking_rounding": "half_up_to_one_cent",
    "delivery_day": "day_zero",
    "standard_window_last_day": "delivery_plus_30_calendar_days_inclusive",
    "damage_reporting_last_day": "delivery_plus_7_calendar_days_inclusive",
    "ordinary_refund": "item_amount_paid_minus_applicable_restocking_fee",
    "scope": "one_physical_item_full_return_only"
  },
  "citations": [
    {
      "source": "01_refund_policy_current.md",
      "section": "RP-1",
      "version": "3.0",
      "line_start": 6,
      "line_end": 8,
      "source_sha256": "54faa299cd208ec11647c94833047836d5cc8a3058ef460f448f21bf0ce2a019"
    },
    {
      "source": "01_refund_policy_current.md",
      "section": "RP-3",
      "version": "3.0",
      "line_start": 13,
      "line_end": 15,
      "source_sha256": "54faa299cd208ec11647c94833047836d5cc8a3058ef460f448f21bf0ce2a019"
    },
    {
      "source": "04_premium_customer_policy.md",
      "section": "PC-2",
      "version": "2.1",
      "line_start": 9,
      "line_end": 11,
      "source_sha256": "302a4556e941860461f2f5f35179d495d74d3be016f829ced32dc926e648272d"
    },
    {
      "source": "01_refund_policy_current.md",
      "section": "RP-5",
      "version": "3.0",
      "line_start": 19,
      "line_end": 21,
      "source_sha256": "54faa299cd208ec11647c94833047836d5cc8a3058ef460f448f21bf0ce2a019"
    }
  ],
  "snapshot": {
    "order_revision": 1,
    "customer_revision": 1,
    "requested_on": "2026-10-06",
    "facts_sha256": "0b926841ec37c09ea05adc0f03a900e4c1f6ee9ea3a623ded5ad42afb537ad62"
  }
}
[{"version":"PostgreSQL 18.3 (PGlite 0.5.8) on wasm32-unknown-emscripten, compiled by emcc (Emscripten gcc/clang-like replacement + linker emulating GNU ld) 3.1.74 (1092ec30a3fb1d46b1782ff1b4db5094d3d06ae5), 32-bit"}]
{
  "decision": "ineligible",
  "reason_code": "final_sale_without_timely_damage_exception",
  "refund_amount_minor": null,
  "restocking_fee_minor": null,
  "currency": "USD",
  "candidate_payload": null,
  "assessment_only": true,
  "execution_allowed": false,
  "human_approval_required_for_execution": true,
  "rules_version": "demo-assessment-v1",
  "ruleset_fingerprint": "34030776655202d7fc671f0dce8ef3b9574db8920e371d43316bd6bb9ac07dd3",
  "conventions": {
    "status": "synthetic_demo_only",
    "currency": "USD",
    "money_unit": "integer_cents",
    "restocking_base": "item_amount_actually_paid_excluding_shipping_and_tax",
    "restocking_rounding": "half_up_to_one_cent",
    "delivery_day": "day_zero",
    "standard_window_last_day": "delivery_plus_30_calendar_days_inclusive",
    "damage_reporting_last_day": "delivery_plus_7_calendar_days_inclusive",
    "ordinary_refund": "item_amount_paid_minus_applicable_restocking_fee",
    "scope": "one_physical_item_full_return_only"
  },
  "citations": [
    {
      "source": "01_refund_policy_current.md",
      "section": "RP-4",
      "version": "3.0",
      "line_start": 16,
      "line_end": 18,
      "source_sha256": "54faa299cd208ec11647c94833047836d5cc8a3058ef460f448f21bf0ce2a019"
    }
  ],
  "snapshot": {
    "order_revision": 1,
    "customer_revision": 1,
    "requested_on": "2026-10-06",
    "facts_sha256": "4029b8db95bc3139f236a3c20a4a243ef6ab32417c65de093c19848dfd0da46a"
  }
}
[{"version":"PostgreSQL 18.3 (PGlite 0.5.8) on wasm32-unknown-emscripten, compiled by emcc (Emscripten gcc/clang-like replacement + linker emulating GNU ld) 3.1.74 (1092ec30a3fb1d46b1782ff1b4db5094d3d06ae5), 32-bit"}]
{
  "decision": "eligible",
  "reason_code": "damaged_on_arrival_exception",
  "refund_amount_minor": 10000,
  "restocking_fee_minor": 0,
  "currency": "USD",
  "candidate_payload": {
    "action": "refund",
    "organization_id": "ORG-DEMO",
    "order_id": "ORD-1005",
    "customer_id": "CUST-1001",
    "refund_amount_minor": 10000,
    "restocking_fee_minor": 0,
    "currency": "USD",
    "payment_method": "card",
    "original_payment_reference": "DEMO-PAYMENT-1001"
  },
  "assessment_only": true,
  "execution_allowed": false,
  "human_approval_required_for_execution": true,
  "rules_version": "demo-assessment-v1",
  "ruleset_fingerprint": "34030776655202d7fc671f0dce8ef3b9574db8920e371d43316bd6bb9ac07dd3",
  "conventions": {
    "status": "synthetic_demo_only",
    "currency": "USD",
    "money_unit": "integer_cents",
    "restocking_base": "item_amount_actually_paid_excluding_shipping_and_tax",
    "restocking_rounding": "half_up_to_one_cent",
    "delivery_day": "day_zero",
    "standard_window_last_day": "delivery_plus_30_calendar_days_inclusive",
    "damage_reporting_last_day": "delivery_plus_7_calendar_days_inclusive",
    "ordinary_refund": "item_amount_paid_minus_applicable_restocking_fee",
    "scope": "one_physical_item_full_return_only"
  },
  "citations": [
    {
      "source": "01_refund_policy_current.md",
      "section": "RP-6",
      "version": "3.0",
      "line_start": 22,
      "line_end": 24,
      "source_sha256": "54faa299cd208ec11647c94833047836d5cc8a3058ef460f448f21bf0ce2a019"
    },
    {
      "source": "01_refund_policy_current.md",
      "section": "RP-5",
      "version": "3.0",
      "line_start": 19,
      "line_end": 21,
      "source_sha256": "54faa299cd208ec11647c94833047836d5cc8a3058ef460f448f21bf0ce2a019"
    }
  ],
  "snapshot": {
    "order_revision": 1,
    "customer_revision": 1,
    "requested_on": "2026-10-06",
    "facts_sha256": "0e4cd04894d46beb45721a635eac89ae1a7d4b5c03256a731d1e7727e9bb2777"
  }
}
